{
  "exclude": {
    "files": null,
    "lines": null
  },
  "generated_at": "2020-01-16T06:56:07Z",
  "plugins_used": [
    {
      "name": "AWSKeyDetector"
    },
    {
      "name": "ArtifactoryDetector"
    },
    {
      "name": "BasicAuthDetector"
    },
    {
      "name": "PrivateKeyDetector"
    },
    {
      "name": "SlackDetector"
    },
    {
      "name": "StripeDetector"
    }
  ],
  "results": {},
  "version": "0.12.5-ibm.6"
}
